// Jest Snapshot v1, https://goo.gl/fbAQLP

exports[`Tabs states  * should render uncontrolled 1`] = `
.c0 {
  display: -webkit-box;
  display: -webkit-flex;
  display: -ms-flexbox;
  display: flex;
  -webkit-flex-flow: column nowrap;
  -ms-flex-flow: column nowrap;
  flex-flow: column nowrap;
}

.c1 {
  display: -webkit-box;
  display: -webkit-flex;
  display: -ms-flexbox;
  display: flex;
  -webkit-flex-flow: row nowrap;
  -ms-flex-flow: row nowrap;
  flex-flow: row nowrap;
  -webkit-box-pack: start;
  -webkit-justify-content: flex-start;
  -ms-flex-pack: start;
  justify-content: flex-start;
  -webkit-align-items: center;
  -webkit-box-align: center;
  -ms-flex-align: center;
  align-items: center;
  border-bottom: 1px solid #93A3B0;
  box-sizing: border-box;
  padding: 0 2px;
}

.c2 {
  display: -webkit-box;
  display: -webkit-flex;
  display: -ms-flexbox;
  display: flex;
  -webkit-box-pack: center;
  -webkit-justify-content: center;
  -ms-flex-pack: center;
  justify-content: center;
  -webkit-align-items: center;
  -webkit-box-align: center;
  -ms-flex-align: center;
  align-items: center;
  border-bottom: 4px solid #00AB44;
  box-sizing: border-box;
  width: 208px;
  height: 48px;
  cursor: pointer;
  opacity: 1;
  pointer-events: auto;
}

.c2:hover {
  border-bottom: 4px solid #00CB51;
}

.c3 {
  display: -webkit-box;
  display: -webkit-flex;
  display: -ms-flexbox;
  display: flex;
  -webkit-box-pack: center;
  -webkit-justify-content: center;
  -ms-flex-pack: center;
  justify-content: center;
  -webkit-align-items: center;
  -webkit-box-align: center;
  -ms-flex-align: center;
  align-items: center;
  border-bottom: 4px solid rgba(255,255,255,0.0);
  box-sizing: border-box;
  width: 208px;
  height: 48px;
  cursor: pointer;
  opacity: 1;
  pointer-events: auto;
}

.c3:hover {
  border-bottom: 4px solid #00CB51;
}

<div
  class="c0"
>
  <nav
    class="c1 tabs"
  >
    <div
      class="c2"
    >
      hi
    </div>
    <div
      class="c3"
    >
      Hi again
    </div>
    <div
      class="c3"
    >
      Bye
    </div>
    <div
      class="c3"
    >
      Bye Bye
    </div>
  </nav>
  Hello
</div>
`;
